Daily Update Run
Date: 11 Aug 2026 10:46:09 UTC
Sources checked: 2
Successful: 1
Failed: 1
New items: 10
Duplicates: 0
Published: 10
Pending review: 0
Rejected: 0
-------------------------------------------
Daily Update Run
Date: 11 Aug 2026 10:55:13 UTC
Sources checked: 2
Successful: 1
Failed: 1
New items: 0
Duplicates: 10
Published: 0
Pending review: 0
Rejected: 0
-------------------------------------------
Daily Update Run
Date: 12 Aug 2026 00:06:50 UTC
Sources checked: 2
Successful: 1
Failed: 1
New items: 1
Duplicates: 9
Published: 1
Pending review: 0
Rejected: 0
-------------------------------------------
Daily Update Run
Date: 13 Aug 2026 00:06:08 UTC
Sources checked: 2
Successful: 1
Failed: 1
New items: 1
Duplicates: 9
Published: 1
Pending review: 0
Rejected: 0
-------------------------------------------
Daily Update Run
Date: 14 Aug 2026 00:06:39 UTC
Sources checked: 3
Successful: 3
Failed: 0
New items: 1
Duplicates: 9
Published: 1
Pending review: 0
Rejected: 0
-------------------------------------------
Daily Update Run
Date: 14 Aug 2026 23:46:27 UTC
Sources checked: 3
Successful: 3
Failed: 0
New items: 6
Duplicates: 4
Published: 6
Pending review: 0
Rejected: 0
-------------------------------------------
Daily Update Run
Date: 15 Aug 2026 04:29:27 UTC
Sources checked: 4
Successful: 2
Failed: 1
New items: 0
Duplicates: 0
Published: 0
Pending review: 0
Rejected: 0
-------------------------------------------
Daily Update Run
Date: 15 Aug 2026 23:43:36 UTC
Sources checked: 4
Successful: 2
Failed: 1
New items: 0
Duplicates: 0
Published: 0
Pending review: 0
Rejected: 0
-------------------------------------------
Daily Update Run
Date: 16 Aug 2026 23:43:26 UTC
Sources checked: 4
Successful: 2
Failed: 1
New items: 0
Duplicates: 0
Published: 0
Pending review: 0
Rejected: 0
-------------------------------------------
Daily Update Run
Date: 17 Aug 2026 23:46:05 UTC
Sources checked: 4
Successful: 2
Failed: 1
New items: 0
Duplicates: 0
Published: 0
Pending review: 0
Rejected: 0
-------------------------------------------
Daily Update Run
Date: 18 Aug 2026 23:45:53 UTC
Sources checked: 4
Successful: 2
Failed: 1
New items: 0
Duplicates: 0
Published: 0
Pending review: 0
Rejected: 0
-------------------------------------------
Daily Update Run
Date: 19 Aug 2026 23:46:14 UTC
Sources checked: 4
Successful: 2
Failed: 1
New items: 0
Duplicates: 0
Published: 0
Pending review: 0
Rejected: 0
-------------------------------------------
Daily Update Run
Date: 20 Aug 2026 23:50:15 UTC
Sources checked: 4
Successful: 2
Failed: 1
New items: 0
Duplicates: 0
Published: 0
Pending review: 0
Rejected: 0
-------------------------------------------
Daily Update Run
Date: 21 Aug 2026 23:47:54 UTC
Sources checked: 4
Successful: 2
Failed: 1
New items: 0
Duplicates: 0
Published: 0
Pending review: 0
Rejected: 0
-------------------------------------------
Daily Update Run v2.0
Date: 23 Aug 2026 05:14:08 UTC
Sources checked: 6
Successful: 3
Failed: 3
New items: 0
Duplicates: 0
Published: 0
Pending: 0
Static pages generated: 17
-------------------------------------------
Daily Update Run v2.0
Date: 23 Aug 2026 23:47:14 UTC
Sources checked: 6
Successful: 3
Failed: 3
New items: 0
Duplicates: 0
Published: 0
Pending: 0
Static pages generated: 1
-------------------------------------------
Daily Update Run v2.0
Date: 24 Aug 2026 23:51:00 UTC
Sources checked: 6
Successful: 1
Failed: 5
New items: 0
Duplicates: 0
Published: 0
Pending: 0
Static pages generated: 1
-------------------------------------------
Daily Update Run v2.0
Date: 25 Aug 2026 23:53:37 UTC
Sources checked: 6
Successful: 1
Failed: 5
New items: 0
Duplicates: 0
Published: 0
Pending: 0
Static pages generated: 1
-------------------------------------------
Daily Update Run v2.0
Date: 27 Aug 2026 04:42:13 UTC
Sources checked: 6
Successful: 1
Failed: 5
New items: 0
Duplicates: 0
Published: 0
Pending: 0
Static pages generated: 1
-------------------------------------------
